<html>
<body>
<pre>
<h1>µVision3 Build Log</h1>
<h2>Project:</h2>
F:\bit-banding_test\Bitbanding_test.uv2
Project File Date:  02/16/2008

<h2>Output:</h2>
Build target 'Target 1'
assembling cortexm3_macro.s...
assembling stm32f10x_vector.s...
compiling stm32f10x_it.c...
compiling main.c...
linking...
Program Size: Code=4500 RO-data=420 RW-data=4 ZI-data=1324  
"Bitbanding_test.axf" - 0 Error(s), 0 Warning(s).
Load "F:\\bit-banding_test\\Bitbanding_test.AXF" 
Erase Done.
Programming Done.
Verify OK.
